<html>
<body>
<pre>
<h1>µVision Build Log</h1>
<h2>Tool Versions:</h2>
IDE-Version: ¦ÌVision V5.36.0.0
Copyright (C) 2021 ARM Ltd and ARM Germany GmbH. All rights reserved.
License Information: dada wjj621196347@163.com, dwad, LIC=D0D7S-LFL2Z-HLPCL-0DG04-K9DM5-30GTQ
 
Tool Versions:
Toolchain:       MDK-ARM Plus  Version: 5.36.0.0
Toolchain Path:  E:\electricity\keil\core\ARM\ARMCC\Bin
C Compiler:      Armcc.exe V5.06 update 7 (build 960)
Assembler:       Armasm.exe V5.06 update 7 (build 960)
Linker/Locator:  ArmLink.exe V5.06 update 7 (build 960)
Library Manager: ArmAr.exe V5.06 update 7 (build 960)
Hex Converter:   FromElf.exe V5.06 update 7 (build 960)
CPU DLL:         SARMCM3.DLL V5.36.0.0
Dialog DLL:      DCM.DLL V1.17.3.0
Target DLL:      STLink\ST-LINKIII-KEIL_SWO.dll V3.0.9.0
Dialog DLL:      TCM.DLL V1.53.0.0
 
<h2>Project:</h2>
E:\STM_F411_Cube_core\STM32F411_LED\MDK-ARM\STM32F411_LED.uvprojx
Project File Date:  05/04/2022

<h2>Output:</h2>
*** Using Compiler 'V5.06 update 7 (build 960)', folder: 'E:\electricity\keil\core\ARM\ARMCC\Bin'
Rebuild target 'STM32F411_LED'
assembling startup_stm32f411xe.s...
compiling usart.c...
compiling gpio.c...
compiling stm32f4xx_hal_tim_ex.c...
compiling stm32f4xx_it.c...
compiling stm32f4xx_hal_tim.c...
compiling stm32f4xx_hal_msp.c...
compiling main.c...
../Core/Src/main.c(67): warning:  #177-D: variable "suzu"  was declared but never referenced
  	uint8_t suzu[] = "hello";
../Core/Src/main.c: 1 warning, 0 errors
compiling stm32f4xx_hal_flash_ramfunc.c...
compiling stm32f4xx_hal_flash_ex.c...
compiling stm32f4xx_hal_gpio.c...
compiling stm32f4xx_hal_rcc_ex.c...
compiling stm32f4xx_hal_flash.c...
compiling stm32f4xx_hal_rcc.c...
compiling stm32f4xx_hal_uart.c...
compiling stm32f4xx_hal_cortex.c...
compiling stm32f4xx_hal_pwr_ex.c...
compiling stm32f4xx_hal_pwr.c...
compiling stm32f4xx_hal.c...
compiling stm32f4xx_hal_dma.c...
compiling stm32f4xx_hal_exti.c...
compiling stm32f4xx_hal_dma_ex.c...
compiling system_stm32f4xx.c...
linking...
Program Size: Code=3944 RO-data=464 RW-data=16 ZI-data=1096  
FromELF: creating hex file...
"STM32F411_LED\STM32F411_LED.axf" - 0 Error(s), 1 Warning(s).

<h2>Software Packages used:</h2>

Package Vendor: ARM
                http://www.keil.com/pack/ARM.CMSIS.5.8.0.pack
                ARM.CMSIS.5.8.0
                CMSIS (Common Microcontroller Software Interface Standard)
   * Component: CORE Version: 5.5.0

Package Vendor: Keil
                http://www.keil.com/pack/Keil.STM32F4xx_DFP.2.15.0.pack
                Keil.STM32F4xx_DFP.2.15.0
                STMicroelectronics STM32F4 Series Device Support, Drivers and Examples

<h2>Collection of Component include folders:</h2>
  .\RTE\_STM32F411_LED
  E:\electricity\keil\pack\ARM\CMSIS\5.8.0\CMSIS\Core\Include
  E:\electricity\keil\pack\Keil\STM32F4xx_DFP\2.15.0\Drivers\CMSIS\Device\ST\STM32F4xx\Include

<h2>Collection of Component Files used:</h2>

   * Component: ARM::CMSIS:CORE:5.5.0
      Include file:  CMSIS\Core\Include\tz_context.h
Build Time Elapsed:  00:00:07
</pre>
</body>
</html>
